// Jest Snapshot v1, https://goo.gl/fbAQLP

exports[`renders a LoadingWrapper 1`] = `
<div
  className="loadingWrapper"
/>
`;

exports[`renders a loud LoadingWrapper 1`] = `
<div
  className="loadingWrapper"
/>
`;
